===== domain-certificate-ca secret: cert count in ca.crt =====
"ca.crt":
"tls.crt":
--- keys above; now decode each data key and count BEGIN CERTIFICATE ---

===== all secrets in platform-mesh-system whose data contains the self-signed CA (search by known serial fragment) =====
--- list secrets ---
secret/account-operator-ca-secret
secret/account-operator-webhook-server-cert
secret/cache-server-ca
secret/cache-server-client-certificate
secret/cache-server-kubeconfig
secret/cache-server-server
secret/cert-aitrust-full
secret/cert-p1
secret/cert-p2
secret/cnpg-ca-secret
secret/cnpg-keycloak-user
secret/cnpg-webhook-cert
secret/domain-certificate
secret/domain-certificate-ca
secret/frontproxy-merged-client-ca
secret/kcp-cluster-admin-client-cert
secret/keycloak-admin
secret/keycloak-db-credentials
secret/kubeconfig-cert-kubeconfig-kcp-admin
secret/kubeconfig-cert-metrics-viewer
secret/ocm-signing-public-cert
secret/platform-mesh-pg-ca
secret/platform-mesh-pg-replication
secret/rebac-authz-webhook-cert
secret/root-ca
secret/root-client-ca
secret/root-external-logical-cluster-admin
secret/root-external-logical-cluster-admin-kubeconfig
secret/root-logical-cluster-admin
secret/root-logical-cluster-admin-kubeconfig
secret/root-proxy-merged-client-ca
secret/root-requestheader-client-ca
secret/root-server-ca
secret/root-service-account-ca
secret/security-operator-ca-secret
secret/security-operator-webhook-server-cert
secret/sh.helm.release.v1.cert-manager.v1
secret/sh.helm.release.v1.cert-manager.v2
secret/sh.helm.release.v1.keycloak-operator.v1
secret/virtual-workspaces-cert
