=== [1] delete the CR 'd' in root:orgs:aitrustg2:demo (finalizer tears down aitp-25veqwflh7syq7fm-d) ===
aitrustplatforminstance.trust.aitrust.msp "d" deleted from default namespace
=== [2] orphan namespace aitp-33hins0iklcwfg45-d (no CR) — its HTTPRoutes in platform-mesh-system ===
NAME                                        HOSTNAMES                                                                                                                               AGE
aitp-33hins0iklcwfg45-d-app                 ["d.ai-trust-1.ai-trust.shoot.gardener.cc-one.showroom.apeirora.eu"]                                                                    5h18m
aitp-33hins0iklcwfg45-d-keycloak            ["d.ai-trust-1.ai-trust.shoot.gardener.cc-one.showroom.apeirora.eu"]                                                                    5h18m
--- deleting orphan routes + namespace ---
httproute.gateway.networking.k8s.io "aitp-33hins0iklcwfg45-d-app" deleted from platform-mesh-system namespace
httproute.gateway.networking.k8s.io "aitp-33hins0iklcwfg45-d-keycloak" deleted from platform-mesh-system namespace
namespace "aitp-33hins0iklcwfg45-d" deleted

=== give the finalizer a moment, then show remaining aitp-* namespaces ===
NAME                               STATUS        AGE
aitp-25veqwflh7syq7fm-d            Terminating   6h24m
aitp-33hins0iklcwfg45-d            Terminating   5h16m
aitp-33hins0iklcwfg45-testai       Active        4h58m
aitp-q3c0weh7suf5hgjk-my-aitrust   Active        10h
=== remaining d-related HTTPRoutes (expect only 25veqw... briefly, then gone) ===
aitp-33hins0iklcwfg45-d-app                 ["d.ai-trust-1.ai-trust.shoot.gardener.cc-one.showroom.apeirora.eu"]                                                                    14s
aitp-33hins0iklcwfg45-d-keycloak            ["d.ai-trust-1.ai-trust.shoot.gardener.cc-one.showroom.apeirora.eu"]                                                                    14s
DONE
