############ A. FULL-SAN of the LE cert cert-aitrust-full (must cover apex + *.ai-trust-1 + *.services) ############
-- issuer/subject/enddate --
issuer=C=US, O=Let's Encrypt, CN=YR2
subject=CN=ai-trust-1.ai-trust.shoot.gardener.cc-one.showroom.apeirora.eu
notAfter=Nov  9 14:32:30 2026 GMT
-- SAN list --
            X509v3 Subject Alternative Name: 
                DNS:*.ai-trust-1.ai-trust.shoot.gardener.cc-one.showroom.apeirora.eu, DNS:*.services.ai-trust-1.ai-trust.shoot.gardener.cc-one.showroom.apeirora.eu, DNS:ai-trust-1.ai-trust.shoot.gardener.cc-one.showroom.apeirora.eu
            X509v3 Certificate Policies: 
                Policy: 2.23.140.1.2.1

############ B. cert-p1 + cert-p2 SANs (fallback options) ############
-- cert-p1 --
subject=CN=*.ai-trust-1.ai-trust.shoot.gardener.cc-one.showroom.apeirora.eu
            X509v3 Certificate Policies: 
-- cert-p2 --
subject=CN=ai-trust-1.ai-trust.shoot.gardener.cc-one.showroom.apeirora.eu
            X509v3 Certificate Policies: 

############ C. FRONTPROXY AUTH HEALTH — is org auth working RIGHT NOW? ############
-- last 300 log lines, any x509/oidc/tokenreview/401 (empty = healthy) --
  (if empty above => no auth errors => healthy)

############ D. FRONTPROXY OIDC TRUST CONFIG — how does it trust Keycloak's cert? (THE crux) ############
-- deploy args/env mentioning oidc/ca/issuer --
"--client-ca-file=/etc/kcp-front-proxy/client-ca/tls.crt"
-- volumes/secrets mounted (look for a CA bundle) --
root-frontproxy-dynamic-kubeconfig -> secret=root-frontproxy-dynamic-kubeconfig cm=
root-frontproxy-kubeconfig -> secret=root-frontproxy-kubeconfig cm=
root-frontproxy-server -> secret=root-frontproxy-server cm=
root-frontproxy-requestheader -> secret=root-frontproxy-requestheader cm=
root-ca -> secret=root-ca cm=
frontproxy-merged-client-ca -> secret=frontproxy-merged-client-ca cm=
frontproxy-config -> secret= cm=frontproxy-config
root-service-account -> secret=root-service-account cm=
-- any authentication config file referenced? --
frontproxy-config                         1      43h

############ E. served cert per-SNI (using curl image with openssl available) ############
--- ai-trust-1.ai-trust.shoot.gardener.cc-one.showroom.apeirora.eu ---
--- testai.ai-trust-1.ai-trust.shoot.gardener.cc-one.showroom.apeirora.eu ---
DONE
