############ 1. WHAT CERT IS SERVED RIGHT NOW (apex + each live instance) ############
--- ai-trust-1.ai-trust.shoot.gardener.cc-one.showroom.apeirora.eu ---
--- testai.ai-trust-1.ai-trust.shoot.gardener.cc-one.showroom.apeirora.eu ---
--- q3c0weh7suf5hgjk-my-aitrust.ai-trust-1.ai-trust.shoot.gardener.cc-one.showroom.apeirora.eu ---

############ 2. IS PLATFORM AUTH HEALTHY RIGHT NOW (the thing that broke last time) ############
--- frontproxy recent x509 / TokenReview errors (expect NONE if self-signed baseline) ---
frontproxy: 

############ 3. THE domain-certificate SECRET — self-signed or LE right now? ############
  (could not read)

############ 4. MANAGED CERT CRs present (cert-p1 / cert-aitrust-full / domain-certificate) ############
Unable to connect to the server: remote error: tls: expired certificate

############ 5. GATEWAY listeners + which secret each certRef points at ############
  File "<string>", line 1
    import sys,json; g=json.load(sys.stdin); [print(f"  {l[\"name\"]:24} host={l.get(\"hostname\",\"-\"):40} certRefs={[r[\"name\"] for r in l.get(\"tls\",{}).get(\"certificateRefs\",[])]}") for l in g["spec"]["listeners"]]
                                                            ^
SyntaxError: unexpected character after line continuation character

############ 6. PUBLIC DNS resolution (does *.suffix resolve to the LB?) ############
  ^ ai-trust-1.ai-trust.shoot.gardener.cc-one.showroom.apeirora.eu
  ^ randomxyz.ai-trust-1.ai-trust.shoot.gardener.cc-one.showroom.apeirora.eu

############ 7. GATEWAY OWNERSHIP (Flux/Helm) — who reconciles k8sapi-gateway ############
DONE
