==== aitp-1fj45gfqhqdlwxjh-poc ====
  [aitp-1fj45gfqhqdlwxjh-poc/oauth2-proxy] The Deployment "oauth2-proxy" is invalid: spec.template.spec.containers[0].image: Required value
  [aitp-1fj45gfqhqdlwxjh-poc/shell] The Deployment "shell" is invalid: spec.template.spec.containers[0].image: Required value
==== aitp-33hins0iklcwfg45-testai ====
  [aitp-33hins0iklcwfg45-testai/oauth2-proxy] The Deployment "oauth2-proxy" is invalid: spec.template.spec.containers[0].image: Required value
  [aitp-33hins0iklcwfg45-testai/shell] The Deployment "shell" is invalid: spec.template.spec.containers[0].image: Required value
==== aitp-q3c0weh7suf5hgjk-my-aitrust ====
  [aitp-q3c0weh7suf5hgjk-my-aitrust/oauth2-proxy] The Deployment "oauth2-proxy" is invalid: spec.template.spec.containers[0].image: Required value
  [aitp-q3c0weh7suf5hgjk-my-aitrust/shell] The Deployment "shell" is invalid: spec.template.spec.containers[0].image: Required value
==== aitp-wzw3g7znvmqdk5qf-pocaitrust ====
  [aitp-wzw3g7znvmqdk5qf-pocaitrust/oauth2-proxy] The Deployment "oauth2-proxy" is invalid: spec.template.spec.containers[0].image: Required value
  [aitp-wzw3g7znvmqdk5qf-pocaitrust/shell] The Deployment "shell" is invalid: spec.template.spec.containers[0].image: Required value

==== wait for all rollouts ====
  [aitp-1fj45gfqhqdlwxjh-poc oauth2] error: timed out waiting for the condition
  [aitp-1fj45gfqhqdlwxjh-poc shell ] deployment "shell" successfully rolled out
  [aitp-33hins0iklcwfg45-testai oauth2] deployment "oauth2-proxy" successfully rolled out
  [aitp-33hins0iklcwfg45-testai shell ] deployment "shell" successfully rolled out
  [aitp-q3c0weh7suf5hgjk-my-aitrust oauth2] deployment "oauth2-proxy" successfully rolled out
  [aitp-q3c0weh7suf5hgjk-my-aitrust shell ] deployment "shell" successfully rolled out
  [aitp-wzw3g7znvmqdk5qf-pocaitrust oauth2] deployment "oauth2-proxy" successfully rolled out
  [aitp-wzw3g7znvmqdk5qf-pocaitrust shell ] deployment "shell" successfully rolled out

==== verify: each instance now has 2/2 oauth2-proxy + 2/2 shell ====
  aitp-1fj45gfqhqdlwxjh-poc: oauth2=2/3 shell=2/2
  aitp-33hins0iklcwfg45-testai: oauth2=2/3 shell=2/2
  aitp-q3c0weh7suf5hgjk-my-aitrust: oauth2=1/1 shell=1/1
  aitp-wzw3g7znvmqdk5qf-pocaitrust: oauth2=2/2 shell=2/2

==== external reachability of each instance (403 fast = healthy sign-in gate) ====
1fj45gfqhqdlwxjh-poc.ai-trust-1.ai-trust.shoot.gardener.cc-one.showroom.apeirora.eu http=200 t=0.011826s
33hins0iklcwfg45-testai.ai-trust-1.ai-trust.shoot.gardener.cc-one.showroom.apeirora.eu http=200 t=0.008852s
q3c0weh7suf5hgjk-my-aitrust.ai-trust-1.ai-trust.shoot.gardener.cc-one.showroom.apeirora.eu http=403 t=0.011681s
wzw3g7znvmqdk5qf-pocaitrust.ai-trust-1.ai-trust.shoot.gardener.cc-one.showroom.apeirora.eu http=403 t=0.009064s
wzw3g7znvmqdk5qf-pocaitrust.ai-trust-1.ai-trust.shoot.gardener.cc-one.showroom.apeirora.eu http=403 t=0.009064s
DONE
