===== iam-service deploy: args/env/mounts (CA) =====
    meta.helm.sh/release-name: iam-service
    helm.toolkit.fluxcd.io/name: iam-service
  name: iam-service
  replicas: 1
      - args:
        - --keycloak-base-url=https://ai-trust-1.ai-trust.shoot.gardener.cc-one.showroom.apeirora.eu/keycloak
        - --keycloak-client-id=iam-service
        - --roles-file-path=/roles/roles.yaml
        - --jwt-user-id-claim=email
        - --no-json
        env:
        - name: KUBECONFIG
          value: /api-kubeconfig/kubeconfig
        - name: KEYCLOAK_CLIENT_SECRET
              name: iam-client-secret
        image: ghcr.io/platform-mesh/platform-mesh/iam-service:v0.18.0
        name: iam-service
          name: http
        - mountPath: /api-kubeconfig
          name: external-api-server
        - mountPath: /roles
          name: roles
        - mountPath: /etc/ssl/certs/domain-ca.crt
          name: domain-ca
        - localhost
        - kcp.localhost
        - root.kcp.localhost
        - nereus.kcp.localhost
        - triton.kcp.localhost
      schedulerName: default-scheduler
      serviceAccountName: iam-service
      - name: external-api-server
          secretName: iam-service-kubeconfig
      - configMap:
          name: iam-service-roles
        name: roles
      - name: domain-ca
          secretName: domain-certificate-ca
  availableReplicas: 1
    reason: MinimumReplicasAvailable
    message: ReplicaSet "iam-service-7d554d7988" has successfully progressed.
    reason: NewReplicaSetAvailable
  readyReplicas: 1
  replicas: 1
  updatedReplicas: 1

===== iam-service HelmRelease values (CA/onboarding/WAC) =====
  values:
    caSecret: domain-certificate-ca
    cors:
      enabled: true
    exposure:
      hostnames:
      - ai-trust-1.ai-trust.shoot.gardener.cc-one.showroom.apeirora.eu
      - '*.ai-trust-1.ai-trust.shoot.gardener.cc-one.showroom.apeirora.eu'
    extraArgs:
    - --no-json
    hostAliases:
      enabled: true
      entries:
      - hostnames:
        - localhost
        - ai-trust-1.ai-trust.shoot.gardener.cc-one.showroom.apeirora.eu
        - kcp.localhost
        - root.kcp.localhost
        - kcp.api.ai-trust-1.ai-trust.shoot.gardener.cc-one.showroom.apeirora.eu
        - nereus.kcp.localhost
        - triton.kcp.localhost
        ip: 100.104.188.4
    image:
      tag: v0.18.0
    keycloak:
      baseUrl: https://ai-trust-1.ai-trust.shoot.gardener.cc-one.showroom.apeirora.eu/keycloak
status:

===== domain-certificate-ca secret: decode ca.crt + tls.crt cert counts =====

===== any Job/CronJob/initcontainer that applies WAC? look for onboarding jobs =====
No resources found in platform-mesh-system namespace.
