===== HELMRELEASES in platform-mesh-system =====
NAME                         AGE   READY   STATUS
account-operator             43h   True    Helm install succeeded for release platform-mesh-system/account-operator.v1 with chart account-operator@0.16.5+f12769335e50
cert-manager                 43h   True    Helm upgrade succeeded for release default/cert-manager.v2 with chart cert-manager@1.20.1+98a9dd1a3ffa
cnpg-operator                43h   True    Helm install succeeded for release platform-mesh-system/cnpg-operator.v1 with chart cloudnative-pg@0.28.0+d216a2b1e3c1
etcd-druid                   43h   True    Helm install succeeded for release etcd-druid-system/etcd-druid.v1 with chart etcd-druid@0.36.4+63743ad549bd
extension-manager-operator   43h   True    Helm install succeeded for release platform-mesh-system/extension-manager-operator.v1 with chart extension-manager-operator@0.38.8+29712a7acb7d
iam-service                  43h   True    Helm install succeeded for release platform-mesh-system/iam-service.v1 with chart iam-service@0.17.9+ad966624bc23
iam-ui                       43h   True    Helm install succeeded for release platform-mesh-system/iam-ui.v1 with chart iam-ui@0.8.2+13ffca4dc357
infra                        43h   True    Helm upgrade succeeded for release platform-mesh-system/infra.v3 with chart infra@0.34.0+63e8ca2f1f29
init-agent                   43h   True    Helm install succeeded for release platform-mesh-system/init-agent.v1 with chart init-agent@0.2.0+5e5dfb27ff6e
kcp-operator                 43h   True    Helm upgrade succeeded for release kcp-operator/kcp-operator.v2 with chart kcp-operator@0.7.4+cdb8e49c375b
keycloak-operator            43h   True    Helm install succeeded for release platform-mesh-system/keycloak-operator.v1 with chart keycloak-operator@0.3.0+1f38d791720d
kubernetes-graphql-gateway   43h   True    Helm install succeeded for release platform-mesh-system/kubernetes-graphql-gateway.v1 with chart kubernetes-graphql-gateway@0.44.3+28c9bd24280d
marketplace-ui               43h   True    Helm install succeeded for release platform-mesh-system/marketplace-ui.v1 with chart marketplace-ui@0.8.0+09e1e8a756a1
observability                43h   True    Helm install succeeded for release observability/observability.v1 with chart observability@0.4.0+66f1934592e9
openfga                      43h   True    Helm upgrade succeeded for release platform-mesh-system/openfga.v2 with chart openfga@0.2.62+2f2ee01ba2ae
opentelemetry-operator       43h   True    Helm upgrade succeeded for release observability/opentelemetry-operator.v2 with chart opentelemetry-operator@0.114.1+31e45d1c475d
platform-mesh-operator       43h   True    Helm install succeeded for release platform-mesh-system/platform-mesh-operator.v1 with chart platform-mesh-operator@0.35.0+0b5bf27e8fd7
portal                       43h   True    Helm upgrade succeeded for release platform-mesh-system/portal.v2 with chart portal@0.14.5+3c85db54d184
prometheus-operator-crds     43h   True    Helm upgrade succeeded for release observability/prometheus-operator-crds.v2 with chart prometheus-operator-crds@29.0.0+f922fc571168
rebac-authz-webhook          43h   True    Helm install succeeded for release platform-mesh-system/rebac-authz-webhook.v1 with chart rebac-authz-webhook@0.18.3+98e050811a00
security-operator            43h   True    Helm install succeeded for release platform-mesh-system/security-operator.v1 with chart security-operator@0.32.7+4701c8d6e496
traefik                      43h   True    Helm upgrade succeeded for release default/traefik.v60 with chart traefik@39.0.7+a021f37ddb42
traefik-crds                 43h   True    Helm upgrade succeeded for release default/traefik-crds.v2 with chart traefik-crds@1.14.0+d773701882ec
virtual-workspaces           43h   True    Helm install succeeded for release platform-mesh-system/virtual-workspaces.v1 with chart virtual-workspaces@0.9.2+9dafbffe8fc0

===== INFRA HELMRELEASE (full) =====
apiVersion: helm.toolkit.fluxcd.io/v2
kind: HelmRelease
metadata:
  annotations:
    reconcile.fluxcd.io/forceAt: "1786360219"
    reconcile.fluxcd.io/requestedAt: "1786360219"
  creationTimestamp: "2026-08-10T11:09:24Z"
  finalizers:
  - finalizers.fluxcd.io
  generation: 3
  labels:
    core.platform-mesh.io/operator-created: "true"
  name: infra
  namespace: platform-mesh-system
  resourceVersion: "4424391"
  uid: 0451147c-5fa1-4311-97a4-632d34269e12
spec:
  chartRef:
    kind: OCIRepository
    name: infra
    namespace: platform-mesh-system
  dependsOn:
  - name: keycloak-operator
    namespace: platform-mesh-system
  - name: cnpg-operator
    namespace: platform-mesh-system
  install:
    remediation:
      retries: -1
  interval: 1m
  releaseName: infra
  targetNamespace: platform-mesh-system
  timeout: 15m
  upgrade:
    remediation:
      retries: 3
  values:
    cnpg:
      enabled: true
    cors:
      enabled: true
    dex:
      enabled: true
      gatewayApi:
        hostnames:
        - ai-trust-1.ai-trust.shoot.gardener.cc-one.showroom.apeirora.eu
        - '*.ai-trust-1.ai-trust.shoot.gardener.cc-one.showroom.apeirora.eu'
      issuer: https://ai-trust-1.ai-trust.shoot.gardener.cc-one.showroom.apeirora.eu/dex
      staticClient:
        redirectURIs:
        - https://ai-trust-1.ai-trust.shoot.gardener.cc-one.showroom.apeirora.eu/keycloak/realms/default/broker/dex/endpoint
    gatewayApi:
      enabled: true
      listeners:
      - hostname: ai-trust-1.ai-trust.shoot.gardener.cc-one.showroom.apeirora.eu
        name: terminate
        port: 8443
        protocol: HTTPS
        tls:
          certificateRefs:
          - group: ""
            kind: Secret
            name: domain-certificate
            namespace: platform-mesh-system
          mode: Terminate
      - hostname: '*.ai-trust-1.ai-trust.shoot.gardener.cc-one.showroom.apeirora.eu'
        name: terminate-wildstar
        port: 8443
        protocol: HTTPS
        tls:
          certificateRefs:
          - group: ""
            kind: Secret
            name: domain-certificate
            namespace: platform-mesh-system
          mode: Terminate
      - allowedRoutes:
          namespaces:
            from: All
        name: passthrough
        port: 8443
        protocol: TLS
        tls:
          mode: Passthrough
      listenersExtra:
      - hostname: '*.services.ai-trust-1.ai-trust.shoot.gardener.cc-one.showroom.apeirora.eu'
        name: terminate-services
        port: 8443
        protocol: HTTPS
        tls:
          certificateRefs:
          - group: ""
            kind: Secret
            name: domain-certificate
            namespace: platform-mesh-system
          mode: Terminate
    hostAliases:
      enabled: true
      entries:
      - hostnames:
        - localhost
        - ai-trust-1.ai-trust.shoot.gardener.cc-one.showroom.apeirora.eu
        - kcp.localhost
        - root.kcp.localhost
        - kcp.api.ai-trust-1.ai-trust.shoot.gardener.cc-one.showroom.apeirora.eu
        - nereus.kcp.localhost
        - triton.kcp.localhost
        ip: 100.104.188.4
    kcp:
      auth:
        serviceAccount:
          enabled: true
      external:
        hostname: kcp.api.ai-trust-1.ai-trust.shoot.gardener.cc-one.showroom.apeirora.eu
      frontProxy:
        clusterIP: 10.96.0.100
        port: 8443
      image:
        tag: v0.32.2
      rootShard:
        extraArgs:
        - --feature-gates=WorkspaceAuthentication=true,CacheAPIs=true
      shards: []
      webhook:
        enabled: true
    keycloak:
      gatewayApi:
        hostnames:
        - ai-trust-1.ai-trust.shoot.gardener.cc-one.showroom.apeirora.eu
        - '*.ai-trust-1.ai-trust.shoot.gardener.cc-one.showroom.apeirora.eu'
      keycloakConfig:
        url: http://keycloak-service.platform-mesh-system.svc.cluster.local:8080/keycloak
      operator:
        caSecret: domain-certificate-ca
        enabled: true
        health:
          liveness:
            failureThreshold: 3
            path: /keycloak/health/live
          periodSeconds: 10
          port: 9000
          readiness:
            initialDelaySeconds: 0
            path: /keycloak/health/ready
            periodSeconds: 10
          startup:
            failureThreshold: 600
            path: /keycloak/health
        hostname: https://ai-trust-1.ai-trust.shoot.gardener.cc-one.showroom.apeirora.eu/keycloak/
      service:
        name: keycloak-service
        port: 8080
    traefik:
      accessControlAllowOriginList:
      - http://localhost:4200
      - http://localhost:4300
      - http://*.localhost:4200
      - http://*.localhost:4300
      - http://sub.localhost:4300
      - https://ai-trust-1.ai-trust.shoot.gardener.cc-one.showroom.apeirora.eu
      - https://*.ai-trust-1.ai-trust.shoot.gardener.cc-one.showroom.apeirora.eu
status:
  conditions:
  - lastTransitionTime: "2026-08-10T12:19:14Z"
    message: Helm upgrade succeeded for release platform-mesh-system/infra.v3 with
      chart infra@0.34.0+63e8ca2f1f29
    observedGeneration: 3
    reason: UpgradeSucceeded
    status: "True"
    type: Ready
  - lastTransitionTime: "2026-08-10T12:19:14Z"
    message: Helm upgrade succeeded for release platform-mesh-system/infra.v3 with
      chart infra@0.34.0+63e8ca2f1f29
    observedGeneration: 3
    reason: UpgradeSucceeded
    status: "True"
    type: Released
  history:
  - appVersion: 0.0.0
    chartName: infra
    chartVersion: 0.34.0+63e8ca2f1f29
    configDigest: sha256:4f9399c9989e1b1e166343fbd7af087cb768c703d7d89ca56b3b228fdc26cfbb
    digest: sha256:de79d35e35c9212b8297e0a8658cdefefe4c74f0e54f48496439cd667540cd46
    firstDeployed: "2026-08-10T11:10:26Z"
    lastDeployed: "2026-08-10T12:19:12Z"
    name: infra
    namespace: platform-mesh-system
    ociDigest: sha256:63e8ca2f1f29f6cc21cdddaa6e5970eb281ac9cae86e0a820ebc1b532dc814b6
    status: deployed
    version: 3
  - appVersion: 0.0.0
    chartName: infra
    chartVersion: 0.34.0+63e8ca2f1f29
    configDigest: sha256:0cdd41234bbb7611b31dede6484b8a2431aefd2f35e7f5099bc0a34f0b7a8bad
    digest: sha256:c42155dfd811c5d6afba50b3a9124b7ef9b944bea20bdbdfc79bc297358c2944
    firstDeployed: "2026-08-10T11:10:26Z"
    lastDeployed: "2026-08-10T11:38:03Z"
    name: infra
    namespace: platform-mesh-system
    ociDigest: sha256:63e8ca2f1f29f6cc21cdddaa6e5970eb281ac9cae86e0a820ebc1b532dc814b6
    status: superseded
    version: 2
  lastAttemptedConfigDigest: sha256:4f9399c9989e1b1e166343fbd7af087cb768c703d7d89ca56b3b228fdc26cfbb
  lastAttemptedGeneration: 3
  lastAttemptedReleaseAction: upgrade
  lastAttemptedReleaseActionDuration: 1.904769783s
  lastAttemptedRevision: 0.34.0+63e8ca2f1f29
  lastAttemptedRevisionDigest: sha256:63e8ca2f1f29f6cc21cdddaa6e5970eb281ac9cae86e0a820ebc1b532dc814b6
  lastHandledForceAt: "1786360219"
  lastHandledReconcileAt: "1786360219"
  observedGeneration: 3
  storageNamespace: platform-mesh-system
