=== query the EXACT coords from the mirror: cluster 33hins0iklcwfg45, namespace default ===
No resources found in default namespace.
--- also try the CRD-group plural explicitly ---
NAME     URL                                                                             READY   PHASE   AGE
d        https://d.ai-trust-1.ai-trust.shoot.gardener.cc-one.showroom.apeirora.eu        true    Ready   6h55m
testai   https://testai.ai-trust-1.ai-trust.shoot.gardener.cc-one.showroom.apeirora.eu   true    Ready   5h4m
=== delete d in cluster 33hins0iklcwfg45 namespace default (authoritative upstream) ===
aitrustplatforminstance.trust.aitrust.msp "d" deleted from default namespace
=== wait, confirm gone upstream + mirror stops recreating ===
-- upstream (cluster 33hins0iklcwfg45 / default) --
NAME     URL                                                                             READY   PHASE   AGE
testai   https://testai.ai-trust-1.ai-trust.shoot.gardener.cc-one.showroom.apeirora.eu   true    Ready   5h4m
-- shoot mirror (recreated? or gone?) --
NAME     URL                                                                             READY   PHASE   AGE
testai   https://testai.ai-trust-1.ai-trust.shoot.gardener.cc-one.showroom.apeirora.eu   true    Ready   5h4m
-- namespaces --
NAME                               STATUS        AGE
aitp-33hins0iklcwfg45-d            Terminating   2m20s
aitp-33hins0iklcwfg45-testai       Active        5h4m
aitp-q3c0weh7suf5hgjk-my-aitrust   Active        10h
-- testai intact? --
testai ready=true phase=Ready
DONE
