=== BEFORE: the two CRs in 33hins0iklcwfg45 (must delete ONLY d, KEEP testai) ===
NAME     URL                                                                             READY   PHASE          AGE
d        https://d.ai-trust-1.ai-trust.shoot.gardener.cc-one.showroom.apeirora.eu        false   Provisioning   6h52m
testai   https://testai.ai-trust-1.ai-trust.shoot.gardener.cc-one.showroom.apeirora.eu   true    Ready          5h1m
=== delete ONLY the d CR (finalizer tears down aitp-33hins0iklcwfg45-d cleanly) ===
aitrustplatforminstance.trust.aitrust.msp "d" deleted from 33hins0iklcwfg45 namespace
=== the namespace is stuck Terminating because the operator kept recreating content; once the CR is
    gone the requeue stops. Nudge the stray routes out too. ===
=== wait for teardown, verify d gone / testai intact ===
-- CRs in 33hins0iklcwfg45 now --
NAME     URL                                                                             READY   PHASE          AGE
d        https://d.ai-trust-1.ai-trust.shoot.gardener.cc-one.showroom.apeirora.eu        false   Provisioning   26s
testai   https://testai.ai-trust-1.ai-trust.shoot.gardener.cc-one.showroom.apeirora.eu   true    Ready          5h1m
-- namespaces --
NAME                               STATUS        AGE
aitp-33hins0iklcwfg45-d            Terminating   2m39s
aitp-33hins0iklcwfg45-testai       Active        5h1m
aitp-q3c0weh7suf5hgjk-my-aitrust   Active        10h
-- d routes (expect none) --
aitp-33hins0iklcwfg45-d-app                 ["d.ai-trust-1.ai-trust.shoot.gardener.cc-one.showroom.apeirora.eu"]                                                                    23s
aitp-33hins0iklcwfg45-d-keycloak            ["d.ai-trust-1.ai-trust.shoot.gardener.cc-one.showroom.apeirora.eu"]                                                                    23s
-- testai still Ready? --
testai phase=Ready ready=true
DONE
