############ 1. FrontProxy CR full spec (auth block, additionalHostnames, cert issuerRef) ############
apiVersion: operator.kcp.io/v1alpha1
kind: FrontProxy
metadata:
  annotations:
    meta.helm.sh/release-name: infra
    meta.helm.sh/release-namespace: platform-mesh-system
  creationTimestamp: "2026-08-10T11:10:31Z"
  generation: 2
  labels:
    app.kubernetes.io/managed-by: Helm
    helm.toolkit.fluxcd.io/name: infra
    helm.toolkit.fluxcd.io/namespace: platform-mesh-system
  name: frontproxy
  namespace: platform-mesh-system
  resourceVersion: "2550355"
  uid: d12ff672-b072-4eaf-97c0-cbc35edf8bad
spec:
  additionalPathMappings:
  - backend: https://virtual-workspaces.platform-mesh-system:8443
    backend_server_ca: /etc/kcp/tls/ca/tls.crt
    path: /services/contentconfigurations
    proxy_client_cert: /etc/kcp-front-proxy/requestheader-client/tls.crt
    proxy_client_key: /etc/kcp-front-proxy/requestheader-client/tls.key
  - backend: https://virtual-workspaces.platform-mesh-system:8443
    backend_server_ca: /etc/kcp/tls/ca/tls.crt
    path: /services/marketplace
    proxy_client_cert: /etc/kcp-front-proxy/requestheader-client/tls.crt
    proxy_client_key: /etc/kcp-front-proxy/requestheader-client/tls.key
  auth:
    serviceAccount:
      enabled: true
  deploymentTemplate:
    spec:
      template:
        spec:
          hostAliases:
          - hostnames:
            - localhost
            - ai-trust-1.ai-trust.shoot.gardener.cc-one.showroom.apeirora.eu
            - kcp.localhost
            - root.kcp.localhost
            - kcp.api.ai-trust-1.ai-trust.shoot.gardener.cc-one.showroom.apeirora.eu
            - nereus.kcp.localhost
            - triton.kcp.localhost
            ip: 100.104.188.4
  external:
    hostname: kcp.api.ai-trust-1.ai-trust.shoot.gardener.cc-one.showroom.apeirora.eu
    port: 8443
  extraArgs:
  - --feature-gates=WorkspaceAuthentication=true
  image:
    tag: v0.32.2
  replicas: 1
  rootShard:
    ref:
      name: root
  serviceTemplate:
    spec:
      clusterIP: 10.96.0.100
      type: ClusterIP
status:
  conditions:
  - lastTransitionTime: "2026-08-10T11:10:32Z"
    message: RootShard reference is valid.
    observedGeneration: 2
    reason: Valid
    status: "True"
    type: RootShard
  - lastTransitionTime: "2026-08-10T11:10:31Z"
    message: No bundle annotation present
    observedGeneration: 2
    reason: NoBundleRequired
    status: "True"
    type: Bundle
  - lastTransitionTime: "2026-08-11T16:08:58Z"
    message: Deployment platform-mesh-system/frontproxy-front-proxy is fully up and
      running.
    observedGeneration: 2
    reason: ReplicasUp
    status: "True"
    type: Available
  phase: Running

############ 2. RootShard CR full spec (the auth/oidc feature-gate context + cert SANs) ############
apiVersion: operator.kcp.io/v1alpha1
kind: RootShard
metadata:
  annotations:
    meta.helm.sh/release-name: infra
    meta.helm.sh/release-namespace: platform-mesh-system
  creationTimestamp: "2026-08-10T11:10:31Z"
  generation: 2
  labels:
    app.kubernetes.io/managed-by: Helm
    helm.toolkit.fluxcd.io/name: infra
    helm.toolkit.fluxcd.io/namespace: platform-mesh-system
  name: root
  namespace: platform-mesh-system
  resourceVersion: "131659"
  uid: a067afab-e708-4a7d-a57a-cced81363c0b
spec:
  auth:
    serviceAccount:
      enabled: true
  authorization:
    webhook:
      configSecretName: kcp-webhook-secret
      version: v1
  cache:
    ref:
      name: cache-server
  certificateTemplates:
    server:
      spec:
        dnsNames:
        - root-kcp
        - root-kcp.platform-mesh-system
        - root-kcp.platform-mesh-system.svc.cluster.local
        - root.kcp.localhost
  certificates:
    issuerRef:
      group: cert-manager.io
      kind: Issuer
      name: selfsigned
  deploymentTemplate:
    spec:
      template:
        metadata:
          annotations:
            traffic.sidecar.istio.io/excludeOutboundPorts: "9443"
        spec:
          hostAliases:
          - hostnames:
            - localhost
            - ai-trust-1.ai-trust.shoot.gardener.cc-one.showroom.apeirora.eu
            - kcp.localhost
            - root.kcp.localhost
            - kcp.api.ai-trust-1.ai-trust.shoot.gardener.cc-one.showroom.apeirora.eu
            - nereus.kcp.localhost
            - triton.kcp.localhost
            ip: 100.104.188.4
  etcd:
    endpoints:
    - http://etcd-kcp-client.platform-mesh-system.svc.cluster.local:2379
  external:
    hostname: kcp.api.ai-trust-1.ai-trust.shoot.gardener.cc-one.showroom.apeirora.eu
    port: 8443
  extraArgs:
  - --feature-gates=WorkspaceAuthentication=true,CacheAPIs=true
  image:
    tag: v0.32.2
  proxy:
    deploymentTemplate:
      spec:
        template:
          spec:
            hostAliases:
            - hostnames:
              - localhost
              - ai-trust-1.ai-trust.shoot.gardener.cc-one.showroom.apeirora.eu
              - kcp.localhost
              - root.kcp.localhost
              - kcp.api.ai-trust-1.ai-trust.shoot.gardener.cc-one.showroom.apeirora.eu
              - nereus.kcp.localhost
              - triton.kcp.localhost
              ip: 100.104.188.4
    image:
      tag: v0.32.2
  replicas: 1
  shardBaseURL: https://root.kcp.localhost:8443/
status:
  conditions:
  - lastTransitionTime: "2026-08-10T11:10:32Z"
    message: No bundle annotation present
    observedGeneration: 2
    reason: NoBundleRequired
    status: "True"
    type: Bundle
  - lastTransitionTime: "2026-08-10T11:38:31Z"
    message: Deployment platform-mesh-system/root-kcp is fully up and running.
    observedGeneration: 2
    reason: ReplicasUp
    status: "True"
    type: Available
  phase: Running
DONE
