############ 1. kcp-operator CRs (Kcp/Shard/FrontProxy) — where OIDC/auth is declared ############
-- kcps.operator.kcp.io --
error: the server doesn't have a resource type "kcps"
-- shards.operator.kcp.io --
No resources found in platform-mesh-system namespace.
-- frontproxies.operator.kcp.io --
NAME         ROOTSHARD   EXTERNALHOSTNAME   PHASE     AGE
frontproxy   root                           Running   43h
-- rootshards.operator.kcp.io --
NAME   HOSTNAME                                                                 PHASE     AGE
root   kcp.api.ai-trust-1.ai-trust.shoot.gardener.cc-one.showroom.apeirora.eu   Running   43h

############ 2. grep ALL kcp-operator CRs for oidc/issuer/ca/keycloak/apex ############
              - ai-trust-1.ai-trust.shoot.gardener.cc-one.showroom.apeirora.eu
              - kcp.api.ai-trust-1.ai-trust.shoot.gardener.cc-one.showroom.apeirora.eu
      hostname: kcp.api.ai-trust-1.ai-trust.shoot.gardener.cc-one.showroom.apeirora.eu
    - --feature-gates=WorkspaceAuthentication=true
   ^ in frontproxies
      issuerRef:
        kind: Issuer
              - ai-trust-1.ai-trust.shoot.gardener.cc-one.showroom.apeirora.eu
              - kcp.api.ai-trust-1.ai-trust.shoot.gardener.cc-one.showroom.apeirora.eu
      hostname: kcp.api.ai-trust-1.ai-trust.shoot.gardener.cc-one.showroom.apeirora.eu
    - --feature-gates=WorkspaceAuthentication=true,CacheAPIs=true
                - ai-trust-1.ai-trust.shoot.gardener.cc-one.showroom.apeirora.eu
                - kcp.api.ai-trust-1.ai-trust.shoot.gardener.cc-one.showroom.apeirora.eu
   ^ in rootshards

############ 3. any CM/secret holding an apiserver authentication-config (oidc) ############

############ 4. kcp root shard pod: how is OIDC passed? (args / mounted authentication config) ############
shard pod: 

############ 5. who consumes the apex Keycloak over TLS? (the real thing that would break on cert swap) ############
-- Keycloak service + how it's reached in-cluster --
ai-trust-app                       keycloak                              ClusterIP      100.111.47.122    <none>           8080/TCP                                    40h
aitp-1fj45gfqhqdlwxjh-poc          keycloak                              ClusterIP      100.104.35.48     <none>           8080/TCP                                    9m22s
aitp-33hins0iklcwfg45-testai       keycloak                              ClusterIP      100.108.151.22    <none>           8080/TCP                                    17h
aitp-q3c0weh7suf5hgjk-my-aitrust   keycloak                              ClusterIP      100.105.179.254   <none>           8080/TCP                                    22h
platform-mesh-system               keycloak-discovery                    ClusterIP      None              <none>           7800/TCP                                    43h
platform-mesh-system               keycloak-operator                     ClusterIP      100.108.86.254    <none>           8080/TCP                                    43h
platform-mesh-system               keycloak-service                      ClusterIP      100.107.128.199   <none>           8080/TCP,9000/TCP                           43h
-- iam-service / dex config referencing the apex issuer --
configmap/dex                                       1      43h
configmap/iam-service-roles                         1      42h
secret/cnpg-keycloak-user                                 Opaque                     2      43h
secret/iam-client-secret                                  Opaque                     2      42h
secret/iam-service-kubeconfig                             Opaque                     1      42h
secret/keycloak-admin                                     Opaque                     3      43h
secret/keycloak-db-credentials                            Opaque                     2      43h
secret/sh.helm.release.v1.iam-service.v1                  helm.sh/release.v1         1      42h
secret/sh.helm.release.v1.iam-ui.v1                       helm.sh/release.v1         1      43h
secret/sh.helm.release.v1.keycloak-operator.v1            helm.sh/release.v1         1      43h
DONE
