=== roll shell for the OTHER existing instances (d, my-aitrust) — testai already done ===
-- aitp-25veqwflh7syq7fm-d --
deployment.apps/shell patched (no change)
deployment.apps/shell restarted
-- aitp-33hins0iklcwfg45-d --
deployment.apps/shell patched (no change)
deployment.apps/shell restarted
-- aitp-q3c0weh7suf5hgjk-my-aitrust --
deployment.apps/shell patched
deployment.apps/shell restarted
deployment "shell" successfully rolled out
deployment "shell" successfully rolled out
deployment "shell" successfully rolled out
=== verify served viewUrls relative in each ===
-- aitp-25veqwflh7syq7fm-d --
            viewUrl: "/overview/",
            viewUrl: "/registry/",
-- aitp-33hins0iklcwfg45-d --
            viewUrl: "/overview/",
            viewUrl: "/registry/",
-- aitp-q3c0weh7suf5hgjk-my-aitrust --
            viewUrl: "/overview/",
            viewUrl: "/registry/",

=== SLOWNESS DIAGNOSIS ===
--- node pressure (msp-at-big pool) ---
NAME                                                        CPU(cores)   CPU(%)   MEMORY(bytes)   MEMORY(%)   
shoot--ai-trust--ai-trust-1-msp-at-big-z1-6cc4f-fwb6v       1941m        12%      12481Mi         9%          
--- per-instance shell/oauth2 restarts + top pods by mem in testai ---
clickhouse-58c77dc94b-ndx5j                         71m          1158Mi          
keycloak-56d8d9b999-p6qs8                           2m           833Mi           
rabbitmq-77dc5549f7-f7426                           154m         150Mi           
minio-8fb67488-rt54k                                1m           89Mi            
compliance-backend-5987788cdd-j4sh2                 8m           70Mi            
monitoring-backend-6c7fb7ff95-7f7w4                 8m           64Mi            
alerts-backend-77b896b6c5-8hdb6                     9m           64Mi            
ai-system-registry-backend-96d4899d5-4fx6b          8m           63Mi            
--- any pods NOT Running across instances ---
  aitp-25veqwflh7syq7fm-d: not-running=0
  aitp-33hins0iklcwfg45-d: not-running=1
  aitp-33hins0iklcwfg45-testai: not-running=0
  aitp-q3c0weh7suf5hgjk-my-aitrust: not-running=0
DONE
