==== aitp-1fj45gfqhqdlwxjh-poc ====
  patched-to-Always: 1 deployments
==== aitp-33hins0iklcwfg45-testai ====
  patched-to-Always: 1 deployments
==== aitp-q3c0weh7suf5hgjk-my-aitrust ====
  patched-to-Always: 16 deployments
==== aitp-wzw3g7znvmqdk5qf-pocaitrust ====
  patched-to-Always: 1 deployments

==== wait ~40s for rollouts, then confirm each instance healthy (no crashloops) ====
  aitp-1fj45gfqhqdlwxjh-poc: running=25 not-ready=1
     oauth2-proxy-556f8b7ff6-jfmp9                      0/1   ContainerCreating   0               1s
     oauth2-proxy-65964874cb-48gmj                      0/1   Terminating         0               2s
  aitp-33hins0iklcwfg45-testai: running=25 not-ready=1
     oauth2-proxy-65964874cb-gd7bw                      0/1   Terminating   0     3s
  aitp-q3c0weh7suf5hgjk-my-aitrust: running=25 not-ready=0
  aitp-wzw3g7znvmqdk5qf-pocaitrust: running=26 not-ready=2

==== sample: confirm Always is set on a few app deploys ====
  aitp-wzw3g7znvmqdk5qf-pocaitrust/overview-backend: Always
  aitp-wzw3g7znvmqdk5qf-pocaitrust/shell: Always
  aitp-wzw3g7znvmqdk5qf-pocaitrust/oauth2-proxy: Always
  aitp-wzw3g7znvmqdk5qf-pocaitrust/policy-checker-worker: Always
DONE
