=== ALL CRDs matching aitrust (there may be TWO groups: trust.aitrust.msp AND trust.ai-trust.msp) ===
aitrustplatforminstances.trust.ai-trust.msp             2026-08-11T06:21:20Z
aitrustplatforminstances.trust.aitrust.msp              2026-08-11T10:14:38Z

=== shoot-side: list instances for BOTH groups, all namespaces ===
-- aitrustplatforminstances.trust.aitrust.msp --
NAMESPACE          NAME     URL                                                                             READY   PHASE          AGE
33hins0iklcwfg45   d        https://d.ai-trust-1.ai-trust.shoot.gardener.cc-one.showroom.apeirora.eu        false   Provisioning   6h51m
33hins0iklcwfg45   testai   https://testai.ai-trust-1.ai-trust.shoot.gardener.cc-one.showroom.apeirora.eu   true    Ready          5h
-- aitrustplatforminstances.trust.ai-trust.msp --
NAMESPACE          NAME         URL                                                                                                  READY   PHASE   AGE
q3c0weh7suf5hgjk   my-aitrust   https://q3c0weh7suf5hgjk-my-aitrust.ai-trust-1.ai-trust.shoot.gardener.cc-one.showroom.apeirora.eu   true    Ready   10h

=== operator logs: what is it reconciling / creating for 33hins0iklcwfg45-d ? ===
sigs.k8s.io/controller-runtime/pkg/internal/controller.(*Controller[...]).Reconcile
sigs.k8s.io/controller-runtime/pkg/internal/controller.(*Controller[...]).reconcileHandler
2026-08-11T18:36:22Z	ERROR	reconcile step failed	{"controller": "aitrustplatforminstance", "controllerGroup": "trust.aitrust.msp", "controllerKind": "AITrustPlatformInstance", "AITrustPlatformInstance": {"name":"d","namespace":"33hins0iklcwfg45"}, "namespace": "33hins0iklcwfg45", "name": "d", "reconcileID": "e1fac330-1cc1-47e8-9bd5-693dc7e9e208", "step": "secret", "error": "apply Secret/app-secrets: secrets \"app-secrets\" is forbidden: unable to create new content in namespace aitp-33hins0iklcwfg45-d because it is being terminated"}
main.(*reconciler).fail
main.(*reconciler).Reconcile
sigs.k8s.io/controller-runtime/pkg/internal/controller.(*Controller[...]).Reconcile
sigs.k8s.io/controller-runtime/pkg/internal/controller.(*Controller[...]).reconcileHandler
2026-08-11T18:36:25Z	ERROR	reconcile step failed	{"controller": "aitrustplatforminstance", "controllerGroup": "trust.aitrust.msp", "controllerKind": "AITrustPlatformInstance", "AITrustPlatformInstance": {"name":"d","namespace":"33hins0iklcwfg45"}, "namespace": "33hins0iklcwfg45", "name": "d", "reconcileID": "e05ff539-cff0-4a4b-8c31-84e7171947cb", "step": "secret", "error": "apply Secret/app-secrets: secrets \"app-secrets\" is forbidden: unable to create new content in namespace aitp-33hins0iklcwfg45-d because it is being terminated"}
main.(*reconciler).fail
main.(*reconciler).Reconcile
sigs.k8s.io/controller-runtime/pkg/internal/controller.(*Controller[...]).Reconcile
sigs.k8s.io/controller-runtime/pkg/internal/controller.(*Controller[...]).reconcileHandler
2026-08-11T18:36:27Z	ERROR	reconcile step failed	{"controller": "aitrustplatforminstance", "controllerGroup": "trust.aitrust.msp", "controllerKind": "AITrustPlatformInstance", "AITrustPlatformInstance": {"name":"d","namespace":"33hins0iklcwfg45"}, "namespace": "33hins0iklcwfg45", "name": "d", "reconcileID": "df5d06af-91d6-4424-8aa9-2227d9b24fb9", "step": "secret", "error": "apply Secret/app-secrets: secrets \"app-secrets\" is forbidden: unable to create new content in namespace aitp-33hins0iklcwfg45-d because it is being terminated"}
main.(*reconciler).fail
main.(*reconciler).Reconcile
sigs.k8s.io/controller-runtime/pkg/internal/controller.(*Controller[...]).Reconcile
sigs.k8s.io/controller-runtime/pkg/internal/controller.(*Controller[...]).reconcileHandler
2026-08-11T18:36:30Z	ERROR	reconcile step failed	{"controller": "aitrustplatforminstance", "controllerGroup": "trust.aitrust.msp", "controllerKind": "AITrustPlatformInstance", "AITrustPlatformInstance": {"name":"d","namespace":"33hins0iklcwfg45"}, "namespace": "33hins0iklcwfg45", "name": "d", "reconcileID": "9a46118b-e3df-4116-9a71-ce18d022a970", "step": "secret", "error": "apply Secret/app-secrets: secrets \"app-secrets\" is forbidden: unable to create new content in namespace aitp-33hins0iklcwfg45-d because it is being terminated"}
main.(*reconciler).fail
main.(*reconciler).Reconcile
sigs.k8s.io/controller-runtime/pkg/internal/controller.(*Controller[...]).Reconcile
sigs.k8s.io/controller-runtime/pkg/internal/controller.(*Controller[...]).reconcileHandler
DONE
