############ gardener Certificate 'domain-certificate' — what does IT issue? (the durability threat to served cert) ############
      {"apiVersion":"cert.gardener.cloud/v1alpha1","kind":"Certificate","metadata":{"annotations":{},"name":"domain-certificate","namespace":"platform-mesh-system"},"spec":{"dnsNames":["ai-trust-1.ai-trust.shoot.gardener.cc-one.showroom.apeirora.eu","*.ai-trust-1.ai-trust.shoot.gardener.cc-one.showroom.apeirora.eu"],"secretRef":{"name":"domain-certificate","namespace":"platform-mesh-system"}}}
  name: domain-certificate
  dnsNames:
  secretRef:
    name: domain-certificate
    message: ""
  dnsNames:
  issuerRef:
    name: gardener
  message: certificate (SN 14:82:6f:e4:ce:11:60:23:99:bd:93:50:08:e7:97:37:93:ec:f4:31)
  state: Ready

############ Is it Flux/Helm-owned (infra)? — determines how to change it durably ############
\"kind\":\"Certificate\"
owner=

############ Compare: does its issued cert currently match what we SERVE (LE) or would it REVERT us? ############
-- what the gardener cert's OWN secret currently holds (it writes domain-certificate) --
   NOTE: we overwrote domain-certificate with LE bytes; if the gardener cert reconciles it will rewrite to ITS issuance.
Ready lastUpdate=
-- the gardener cert dnsNames (does it even cover apex + *.ai-trust-1?) --
cn= dns=["ai-trust-1.ai-trust.shoot.gardener.cc-one.showroom.apeirora.eu","*.ai-trust-1.ai-trust.shoot.gardener.cc-one.showroom.apeirora.eu"]

############ Also: was our overwrite already reconciled away? (re-check served secret issuer NOW) ############
issuer=C=US, O=Let's Encrypt, CN=YR2
notAfter=Nov  9 14:32:30 2026 GMT
DONE
