############ A. patch root WAC ############
  [root/orgs-authentication] Warning: resource workspaceauthenticationconfigurations/orgs-authentication is missing the kubectl.kubernetes.io/last-applied-configuration annotation which is required by kubectl apply. kubectl apply should only be used on resources created declaratively by either kubectl create --save-config or kubectl apply. The missing annotation will be patched automatically.
  [root/orgs-authentication] workspaceauthenticationconfiguration.tenancy.kcp.io/orgs-authentication configured
############ B. patch all 8 root:orgs WACs ############
  [root:orgs/aitrustdemo] Warning: resource workspaceauthenticationconfigurations/aitrustdemo is missing the kubectl.kubernetes.io/last-applied-configuration annotation which is required by kubectl apply. kubectl apply should only be used on resources created declaratively by either kubectl create --save-config or kubectl apply. The missing annotation will be patched automatically.
  [root:orgs/aitrustdemo] workspaceauthenticationconfiguration.tenancy.kcp.io/aitrustdemo configured
  [root:orgs/aitrustfresh] Warning: resource workspaceauthenticationconfigurations/aitrustfresh is missing the kubectl.kubernetes.io/last-applied-configuration annotation which is required by kubectl apply. kubectl apply should only be used on resources created declaratively by either kubectl create --save-config or kubectl apply. The missing annotation will be patched automatically.
  [root:orgs/aitrustfresh] workspaceauthenticationconfiguration.tenancy.kcp.io/aitrustfresh configured
  [root:orgs/aitrustg2] Warning: resource workspaceauthenticationconfigurations/aitrustg2 is missing the kubectl.kubernetes.io/last-applied-configuration annotation which is required by kubectl apply. kubectl apply should only be used on resources created declaratively by either kubectl create --save-config or kubectl apply. The missing annotation will be patched automatically.
  [root:orgs/aitrustg2] workspaceauthenticationconfiguration.tenancy.kcp.io/aitrustg2 configured
  [root:orgs/demo] Warning: resource workspaceauthenticationconfigurations/demo is missing the kubectl.kubernetes.io/last-applied-configuration annotation which is required by kubectl apply. kubectl apply should only be used on resources created declaratively by either kubectl create --save-config or kubectl apply. The missing annotation will be patched automatically.
  [root:orgs/demo] workspaceauthenticationconfiguration.tenancy.kcp.io/demo configured
  [root:orgs/mirceatest] Warning: resource workspaceauthenticationconfigurations/mirceatest is missing the kubectl.kubernetes.io/last-applied-configuration annotation which is required by kubectl apply. kubectl apply should only be used on resources created declaratively by either kubectl create --save-config or kubectl apply. The missing annotation will be patched automatically.
  [root:orgs/mirceatest] workspaceauthenticationconfiguration.tenancy.kcp.io/mirceatest configured
  [root:orgs/mirceatest2] Warning: resource workspaceauthenticationconfigurations/mirceatest2 is missing the kubectl.kubernetes.io/last-applied-configuration annotation which is required by kubectl apply. kubectl apply should only be used on resources created declaratively by either kubectl create --save-config or kubectl apply. The missing annotation will be patched automatically.
  [root:orgs/mirceatest2] workspaceauthenticationconfiguration.tenancy.kcp.io/mirceatest2 configured
  [root:orgs/mirceatest3] Warning: resource workspaceauthenticationconfigurations/mirceatest3 is missing the kubectl.kubernetes.io/last-applied-configuration annotation which is required by kubectl apply. kubectl apply should only be used on resources created declaratively by either kubectl create --save-config or kubectl apply. The missing annotation will be patched automatically.
  [root:orgs/mirceatest3] workspaceauthenticationconfiguration.tenancy.kcp.io/mirceatest3 configured
  [root:orgs/poc] Warning: resource workspaceauthenticationconfigurations/poc is missing the kubectl.kubernetes.io/last-applied-configuration annotation which is required by kubectl apply. kubectl apply should only be used on resources created declaratively by either kubectl create --save-config or kubectl apply. The missing annotation will be patched automatically.
  [root:orgs/poc] workspaceauthenticationconfiguration.tenancy.kcp.io/poc configured
############ C. update domain-certificate-ca secret to combined bundle (iam-service + infra keycloak read this) ############
secret/domain-certificate-ca configured
############ D. roll iam-service so it reloads the CA ############
deployment.apps/iam-service restarted
deployment "iam-service" successfully rolled out
############ E. verify a WAC now carries the 3-CA bundle ############
  root WAC cert count: 5
STEP2_APPLY_DONE
