############ 1. Is domain-certificate-ca produced by a cert-manager/gardener Certificate, or hand-applied? ############
-- ownerRefs / managed-by / last-applied on domain-certificate-ca --
ownerRefs= labels=
annos={"kubectl.kubernetes.io/last-applied-configuration":"{\"apiVersion\":\"v1\"
\"kind\":\"Secret\"
-- any cert-manager Certificate or gardener Certificate that WRITES domain-certificate-ca? --
NAME                                   SECRET
NAME                 SECRET

############ 2. Is domain-certificate (served) produced by a Certificate, or hand-applied? ############
ownerRefs= managed-by=
  (no cert-manager cert -> domain-certificate)
gardenerCert domain-certificate secret=domain-certificate state=Ready

############ 3. infra HelmRelease: source (git repo we could PR) + does it template these secrets? ############
chart= sourceKind= sourceName= interval=1m
-- the source object (where the chart values live) --
/

-- source detail (/ in platform-mesh-system) --
error: the server doesn't have a resource type ""

############ 4. VERDICT on durability risk ############
  - If domain-certificate-ca has NO cert-manager/gardener Certificate producing it (hand-applied), then Flux
    reconciling 'infra' will NOT overwrite its DATA (infra only references it by name via caSecret). => stable.
  - If a Certificate DOES produce it, that Certificate is the durable knob.
DONE
