############ 1. self-signed mesh CA (domain-certificate-ca) ############
-- subjects in mesh-ca.pem --
subject=CN=Standard Platform Mesh Local CA
issuer=CN=Standard Platform Mesh Local CA

-- count --
1

############ 2. LE chain from cert-aitrust-full (tls.crt = leaf+intermediates; ca.crt = chain) ############
-- le-tls.pem certs --
subject=CN=ai-trust-1.ai-trust.shoot.gardener.cc-one.showroom.apeirora.eu
issuer=C=US, O=Let's Encrypt, CN=YR2
subject=C=US, O=Let's Encrypt, CN=YR2
issuer=C=US, O=ISRG, CN=Root YR
subject=C=US, O=ISRG, CN=Root YR
issuer=C=US, O=Internet Security Research Group, CN=ISRG Root X1
-- le-ca.pem certs (2) --
subject=C=US, O=Let's Encrypt, CN=YR2
issuer=C=US, O=ISRG, CN=Root YR
subject=C=US, O=ISRG, CN=Root YR
issuer=C=US, O=Internet Security Research Group, CN=ISRG Root X1

############ 3. build combined bundle = mesh CA ++ LE chain (issuer/roots only, dedup leaf) ############
-- combined-ca.pem total certs: 5 --
subject=C=US, O=ISRG, CN=Root YR
subject=C=US, O=Let's Encrypt, CN=YR2
subject=CN=Standard Platform Mesh Local CA

############ 4. PROVE the combined bundle verifies BOTH leaves ############
self-signed leaf vs combined bundle: /tmp/ss-leaf.pem: OK
LE leaf vs combined bundle: /tmp/le-tls.pem: OK
SAVED .state/backup-dnscert2/combined-ca.pem (8915 bytes)
STEP1_DONE
